
1. Configuration maps and secrets


##a. Create a ConfigMap resource hwcm that:

i. has two key-value pairs (k8sver and k8sos) initialized as literals that hold 
your Kubernetes version and the name of the OS where Kubernetes is running

ii. has two more key-value pairs (main.conf and port.conf) initialized from files. 
The first one (main.conf) should contain:

# main.conf

name=homework

path=/tmp

certs=/secret

And the second one (port.conf):

8080##


root@node1:/home/strahil# k8sver=$(kubectl version | grep -i client | awk '{print $3}') ; echo $k8sver
v1.33.3
root@node1:/home/strahil# k8sos=$(cat /etc/os-release | grep -i pretty | cut -d '=' -f 2 | tr -d '\"') ; echo $k8sos
"Debian GNU/Linux 12 (bookworm)"

kubectl create configmap hwcm \
--from-literal="k8sver=$(kubectl version | grep -i client | awk '{print $3}')" \
--from-literal="k8sos=$(cat /etc/os-release | grep -i pretty | cut -d '=' -f 2 | tr -d '\"')"

root@node1:/home/strahil# kubectl get cm
NAME               DATA   AGE
hwcm               2      43s
kube-root-ca.crt   1      3d21h
root@node1:/home/strahil# kubectl get cm hwcm -o yaml
apiVersion: v1
data:
  k8sos: Debian GNU/Linux 12 (bookworm)
  k8sver: v1.33.3
kind: ConfigMap
metadata:
  creationTimestamp: "2025-12-01T10:35:39Z"
  name: hwcm
  namespace: default
  resourceVersion: "526231"
  uid: 9bbeb7b0-dd7b-4e94-aaab-44501105344a


##ii##


root@node1:/home/strahil# cat > main.conf << EOF
> # main.conf
> name=homework
> path=/tmp
> certs=/secret
> EOF

root@node1:/home/strahil# echo '8080' >> port.conf

root@node1:/home/strahil# kubectl delete cm hwcm
configmap "hwcm" deleted

kubectl create configmap hwcm \
--from-literal="k8sver=$(kubectl version | grep -i client | awk '{print $3}')" \
--from-literal="k8sos=$(cat /etc/os-release | grep -i pretty | cut -d '=' -f 2 | tr -d '\"')" \
--from-file=main.conf \
--from-file=port=port.conf

root@node1:/home/strahil# kubectl get cm
NAME               DATA   AGE
hwcm               4      5s
kube-root-ca.crt   1      3d21h
root@node1:/home/strahil# kubectl get cm -o yaml
apiVersion: v1
items:
- apiVersion: v1
  data:
    k8sos: Debian GNU/Linux 12 (bookworm)
    k8sver: v1.33.3
    main.conf: |
      # main.conf
      name=homework
      path=/tmp
      certs=/secret
    port: |
      8080


##b. Create a Secret resource hwsec that:

i. Has two data entries – main.key and main.crt created from files

ii. The content for the above two generate by using the openssl utility. For example:

openssl genrsa -out main.key 4096

openssl req -new -x509 -key main.key -out main.crt -days 365 -subj /CN=www.hw.lab##


openssl genrsa -out main.key 4096
openssl req -new -x509 -key main.key -out main.crt -days 365 -subj /CN=www.hw.lab
ls -al main.*

root@node1:/home/strahil# kubectl create secret generic hwsec \
--from-file=main.key \
--from-file=main.crt
secret/hwsec created

root@node1:/home/strahil# kubectl get secret
NAME    TYPE     DATA   AGE
hwsec   Opaque   2      65s
kubectl get secret hwsec -o yaml


##c. Mount the above resources to a pod created from 
the shekeriev/k8s-environ image (used during the practice) by

i. k8sver and k8sos should be mounted as environment variables with prefix HW_

ii. main.conf should be mounted as a volume to the /config folder inside the container

iii. port.conf should be mounted as an environment variable HW_PORT

iv. main.key and main.crt should be mounted as a volume to the /secret folder inside the container##


vi pod-cm-secret-mountascm.yaml
==
apiVersion: v1
kind: Pod
metadata:
  name: pod-cm-secret
  labels:
    app: notes
spec:
  containers:
  - image: shekeriev/k8s-environ
    name: cont-w-env
    envFrom:
    - secretRef:
        name: hwsec
      prefix: HW_
    - configMapRef:
        name: hwcm
      prefix: HW_

    env:
    - name: HW_PORT
      valueFrom:
        configMapKeyRef:
          name: hwcm
          key: port

    volumeMounts:
    - name: config-volume
      mountPath: /config/main.conf
      subPath: main.conf
      readOnly: true
    - name: secret-volume
      mountPath: /secret
      readOnly: true

  #Define volumes
  volumes:
  - name: config-volume
    configMap:
      name: hwcm
      items:
      - key: main.conf
        path: main.conf
  - name: secret-volume
    secret:
      secretName: hwsec
      items:
      - key: main.key
        path: main.key
      - key: main.crt
        path: main.crt
==


vi service.yaml
==
apiVersion: v1
kind: Service
metadata:
  name: svc-vol
spec:
  type: NodePort
  ports:
  - port: 80
    nodePort: 30001
    protocol: TCP
  selector:
    app: notes
==


kubectl apply -f service.yaml
kubectl apply -f pod-cm-secret-mountascm.yaml
kubectl get pods -o wide
kubectl get nodes -o wide | grep -i node3
curl http://192.168.100.103:30001

kubectl delete pod pod-cm-secret
cp pod-cm-secret-mountascm.yaml pod-cm-secret-mountasfile.yaml
vi pod-cm-secret-mountasfile.yaml
==
    volumeMounts:
    - name: mainconf-volume
      mountPath: /config/main.conf
      readOnly: true
    - name: secret-volume
      mountPath: /secret
      readOnly: true

  #Define volumes
  volumes:
  - name: mainconf-volume
    hostPath:
      path: /home/strahil/main.conf
      type: File
  - name: secret-volume
    secret:
      secretName: hwsec
      items:
      - key: main.key
        path: main.key
      - key: main.crt
        path: main.crt
==

root@node1:/home/strahil# scp /home/strahil/main.conf strahil@node2:/home/strahil/.
strahil@node2's password:
main.conf                                                                          100%   50    71.9KB/s   00:00
root@node1:/home/strahil# scp /home/strahil/main.conf strahil@node3:/home/strahil/.
strahil@node3's password:
main.conf                                                                          100%   50    66.2KB/s   00:00

kubectl apply -f pod-cm-secret-mountasfile.yaml
kubectl get pods -o wide
curl http://192.168.100.102:30001


#Let's try to make a port forward rule
sudo sysctl -w net.ipv4.ip_forward=1
sudo sysctl -p
sudo iptables -t nat -A PREROUTING -p tcp --dport 8080 -j DNAT --to-destination 192.168.100.102:30001
sudo iptables -t nat -A POSTROUTING -p tcp -d 192.168.100.102 --dport 30001 -j MASQUERADE

#Attaching screenshots




2. Create and run a set of manifest files to spin the following application:


Please note that:

- Service FE should be of type NodePort

- Pod FE should use shekeriev/k8s-facts-fe image and should be initialized with two environment variables – FACTS_SERVER equal to the name of the Service BE and FACTS_PORT equal to the port of Service BE

- Pod FE listens on port 5000/tcp

- Service BE should be of type ClusterIP (please note that this is not the headless service but the "public" one)

- Pod BE should use shekeriev/k8s-facts image and expects a volume to be mounted at /data folder

- Pod BE listens on port 5000/tcp

- For the PVs and PVCs use NFS and storage capacity of 2Gi

- Both the Deployment and the StatefulSet should spin three replicas


#nfs

mkdir -pv /data/nfs/homework/k8spv{a..c}
chmod -R 777 /data/nfs/homework
vi /etc/exports
==
/data/nfs/homework/k8spva *(rw)
/data/nfs/homework/k8spvb *(rw)
/data/nfs/homework/k8spvc *(rw)
==
exportfs -rav
exportfs -s


#node1

vi pvssa.yaml
==
apiVersion: v1
kind: PersistentVolume
metadata:
  name: pvssa
  labels:
    purpose: ssdemo
spec:
  capacity:
    storage: 2Gi
  volumeMode: Filesystem
  accessModes:
    - ReadWriteOnce
  persistentVolumeReclaimPolicy: Recycle
  mountOptions:
    - nfsvers=4.1
  nfs:
    path: /data/nfs/homework/k8spva
    server: nfs
==

#same for pvssb and pvssc

kubectl apply -f pvssa.yaml
kubectl apply -f pvssb.yaml
kubectl apply -f pvssc.yaml
root@node1:/home/strahil/practice/part2/homework# kubectl get pv
NAME    CAPACITY   ACCESS MODES   RECLAIM POLICY   STATUS      CLAIM   STORAGECLASS   VOLUMEATTRIBUTESCLASS   REASON   AGE
pvssa   2Gi        RWO            Recycle          Available                          <unset>                          51s
pvssb   2Gi        RWO            Recycle          Available                          <unset>                          46s
pvssc   2Gi        RWO            Recycle          Available                          <unset>                          43s



#1st service to be headless for the ss
vi service-ss.yaml
==
apiVersion: v1
kind: Service
metadata:
  name: facts-be
spec:
  selector:
    app: facts-be
  clusterIP: None
  ports:
  - port: 5000
    protocol: TCP
==
kubectl apply -f service-ss.yaml


#2nd service to be public clusterIP
vi service-public-be.yaml
==
apiVersion: v1
kind: Service
metadata:
  name: facts-ip
spec:
  selector:
    app: facts-be
  type: ClusterIP
  ports:
    - port: 5000
      protocol: TCP
==
kubectl apply -f service-public-be.yaml
root@node1:/home/strahil/practice/part2/homework# kubectl get svc -o wide
NAME         TYPE        CLUSTER-IP     EXTERNAL-IP   PORT(S)    AGE     SELECTOR
facts-be     ClusterIP   None           <none>        5000/TCP   109s    app=facts-be
facts-ip     ClusterIP   10.99.37.134   <none>        5000/TCP   81s     app=facts-be
kubernetes   ClusterIP   10.96.0.1      <none>        443/TCP    6d19h   <none>


#3rd Create the StatefulSet
vi be-statefulset.yaml
==
apiVersion: apps/v1
kind: StatefulSet
metadata:
  name: facts-be
spec:
  selector:
    matchLabels:
      app: facts-be
  serviceName: facts-be
  replicas: 3
  # POD template
  template:
    metadata:
      labels:
        app: facts-be
    spec:
      terminationGracePeriodSeconds: 10
      containers:
      - name: main
        image: shekeriev/k8s-facts
        ports:
        - name: app
          containerPort: 5000
        volumeMounts:
        - name: facts-data
          mountPath: /data
  # VolumeClaim template
  volumeClaimTemplates:
  - metadata:
      name: facts-data
    spec:
      accessModes: [ "ReadWriteOnce" ]
      resources:
        requests:
          storage: 2Gi
==


kubectl apply -f be-statefulset.yaml
root@node1:/home/strahil/practice/part2/homework# kubectl get pods,svc,statefulset,pv,pvc
NAME             READY   STATUS    RESTARTS   AGE
pod/facts-be-0   1/1     Running   0          9s
pod/facts-be-1   1/1     Running   0          6s
pod/facts-be-2   1/1     Running   0          4s

NAME                 TYPE        CLUSTER-IP     EXTERNAL-IP   PORT(S)    AGE
service/facts-be     ClusterIP   None           <none>        5000/TCP   82s
service/facts-ip     ClusterIP   10.99.37.134   <none>        5000/TCP   54s
service/kubernetes   ClusterIP   10.96.0.1      <none>        443/TCP    6d19h

NAME                        READY   AGE
statefulset.apps/facts-be   3/3     9s

NAME                     CAPACITY   ACCESS MODES   RECLAIM POLICY   STATUS   CLAIM                           STORAGECLASS   VOLUMEATTRIBUTESCLASS   REASON   AGE
persistentvolume/pvssa   2Gi        RWO            Recycle          Bound    default/facts-data-facts-be-0                  <unset>                          2m9s
persistentvolume/pvssb   2Gi        RWO            Recycle          Bound    default/facts-data-facts-be-1                  <unset>                          2m5s
persistentvolume/pvssc   2Gi        RWO            Recycle          Bound    default/facts-data-facts-be-2                  <unset>                          2m2s

NAME                                          STATUS   VOLUME   CAPACITY   ACCESS MODES   STORAGECLASS   VOLUMEATTRIBUTESCLASS   AGE
persistentvolumeclaim/facts-data-facts-be-0   Bound    pvssa    2Gi        RWO                           <unset>                 9s
persistentvolumeclaim/facts-data-facts-be-1   Bound    pvssb    2Gi        RWO                           <unset>                 6s
persistentvolumeclaim/facts-data-facts-be-2   Bound    pvssc    2Gi        RWO                           <unset>                 4s


#Now we need to create the FE deployment and service

vi fe-deployment.yaml
==
apiVersion: apps/v1
kind: Deployment
metadata:
  name: consumer-deploy
spec:
  replicas: 3
  selector:
    matchLabels:
      app: fun-facts
      role: consumer
  minReadySeconds: 15
  strategy:
    type: RollingUpdate
    rollingUpdate:
      maxUnavailable: 1
      maxSurge: 1
  template:
    metadata:
      labels:
        app: fun-facts
        role: consumer
    spec:
      containers:
      - name: consumer-container
        image: shekeriev/k8s-facts-fe
        ports:
        - containerPort: 5000
        env:
        - name: FACTS_SERVER
          value: "facts-ip"      # BE Service name
        - name: FACTS_PORT
          value: "5000"          # BE Service port
==


vi fe-service.yaml
==
apiVersion: v1
kind: Service
metadata:
  name: consumer
  labels:
    app: fun-facts
    role: consumer
spec:
  type: NodePort
  selector:
    app: fun-facts
    role: consumer
  ports:
  - port: 5000
    nodePort: 30001
    protocol: TCP
==

kubectl apply -f fe-deployment.yaml
kubectl apply -f fe-service.yaml
root@node1:/home/strahil/practice/part2/homework# kubectl get pods,svc,statefulset,pv,pvc,deployments
NAME                                  READY   STATUS    RESTARTS   AGE
pod/consumer-deploy-f457bcbc4-lxpdl   1/1     Running   0          12s
pod/consumer-deploy-f457bcbc4-sswhh   1/1     Running   0          12s
pod/consumer-deploy-f457bcbc4-z57fq   1/1     Running   0          12s
pod/facts-be-0                        1/1     Running   0          4m11s
pod/facts-be-1                        1/1     Running   0          4m8s
pod/facts-be-2                        1/1     Running   0          4m6s

NAME                 TYPE        CLUSTER-IP     EXTERNAL-IP   PORT(S)          AGE
service/consumer     NodePort    10.109.197.8   <none>        5000:30001/TCP   8s
service/facts-be     ClusterIP   None           <none>        5000/TCP         5m24s
service/facts-ip     ClusterIP   10.99.37.134   <none>        5000/TCP         4m56s
service/kubernetes   ClusterIP   10.96.0.1      <none>        443/TCP          6d20h

NAME                        READY   AGE
statefulset.apps/facts-be   3/3     4m11s

NAME                     CAPACITY   ACCESS MODES   RECLAIM POLICY   STATUS   CLAIM                           STORAGECLASS   VOLUMEATTRIBUTESCLASS   REASON   AGE
persistentvolume/pvssa   2Gi        RWO            Recycle          Bound    default/facts-data-facts-be-0                  <unset>                          6m11s
persistentvolume/pvssb   2Gi        RWO            Recycle          Bound    default/facts-data-facts-be-1                  <unset>                          6m7s
persistentvolume/pvssc   2Gi        RWO            Recycle          Bound    default/facts-data-facts-be-2                  <unset>                          6m4s

NAME                                          STATUS   VOLUME   CAPACITY   ACCESS MODES   STORAGECLASS   VOLUMEATTRIBUTESCLASS   AGE
persistentvolumeclaim/facts-data-facts-be-0   Bound    pvssa    2Gi        RWO                           <unset>                 4m11s
persistentvolumeclaim/facts-data-facts-be-1   Bound    pvssb    2Gi        RWO                           <unset>                 4m8s
persistentvolumeclaim/facts-data-facts-be-2   Bound    pvssc    2Gi        RWO                           <unset>                 4m6s

NAME                              READY   UP-TO-DATE   AVAILABLE   AGE
deployment.apps/consumer-deploy   3/3     3            0           12s


root@node1:/home/strahil/practice/part2/homework# curl http://node2:30001
<!doctype html>

<html lang="en">
<head>
  <meta charset="utf-8">
  <meta name="viewport" content="width=device-width, initial-scale=1">
  <title>Fun Facts About Animals</title>
  <meta name="description" content="Overview of the recently discovered fun facts about animals">
  <meta name="author" content="Crazy Scientist">
</head>

<body>
  <h2>Fun Facts About Animals</h2>
  <h5>Delivered to you by consumer-deploy-f457bcbc4-sswhh</h5>
  <i><small>(Refresh to see some fun and unknown facts.)</small></i>
  <br />
  <div>
<!DOCTYPE HTML PUBLIC "-//W3C//DTD HTML 3.2 Final//EN">
<title>500 Internal Server Error</title>
<h1>Internal Server Error</h1>
<p>The server encountered an internal error and was unable to complete your request. Either the server is overloaded or there is an error in the application.</p>

  </div>

</body>


#It is generating data, but i am not able to see it on the FE
root@nfs:/data/nfs/homework/k8spva# ls
facts.txt
root@nfs:/data/nfs/homework/k8spva# cat facts.txt
Purple Crocodiles Are Short And Eat Onions
Blue Bears Are Weak And Like Oranges
Brown Bears Are Fat And Adore Oranges
Orange Bears Are Short And Love Potatoes
Brown Pandas Are Tall And Like Cucumbers



